# serializer version: 1
# name: test_config_entry_diagnostics
  dict({
    'data': dict({
      'auxiliary_pump_0': list([
        'nonstop',
        '',
      ]),
      'boiler_temperature': list([
        '14.09',
        '°C',
      ]),
      'buffer_load': list([
        '22',
        '%',
      ]),
      'circuit_1_temp': list([
        '55.00',
        '°C',
      ]),
      'extra_dhw_1_temperature': list([
        '52.10',
        '°C',
      ]),
      'extra_dhw_boost_0': list([
        'auto',
        '',
      ]),
      'heating_circulation_program_1': list([
        'heat',
        '',
      ]),
      'heating_circulation_pump_1': list([
        'auto',
        '',
      ]),
      'interruption_1': list([
        '',
        '',
      ]),
      'operating_time': list([
        '1188',
        'h',
      ]),
      'outdoor_temperature': list([
        '15.95',
        '°C',
      ]),
      'program': list([
        'heat',
        '',
      ]),
      'room_1_temperature': list([
        '21.50',
        '°C',
      ]),
      'serial': list([
        '959103',
        '',
      ]),
      'service_days': list([
        '2012',
        'd',
      ]),
      'status': list([
        'Service Ign.',
        '',
      ]),
      'version': list([
        '32a',
        '',
      ]),
    }),
    'entry_data': dict({
      'host': '**REDACTED**',
    }),
  })
# ---
